[1431 ms] INFO - audit:47 - Shape: (175341, 45)
[1436 ms] INFO - audit:48 - Null counts (Should be 0): 0
[1438 ms] INFO - audit:49 - attack_cat: 10
[1469 ms] INFO - process:69 - Spearman correlation: 0.906898 -> Drop: False
[1508 ms] INFO - process:105 - Engineered features: srv_diversity, dst_concentration
[1598 ms] INFO - select:127 - Low variance (<0.01): ['tcprtt', 'synack', 'ackdat', 'tcp_seq_one_sided', 'win_asymmetry']
[3474 ms] INFO - select:140 - Spearman pairs (>0.90): 63
[3474 ms] INFO - select:142 - spkts - dpkts: 0.910312
[3474 ms] INFO - select:142 - spkts - sbytes: 0.901268
[3474 ms] INFO - select:142 - spkts - sloss: 0.923744
[3474 ms] INFO - select:142 - spkts - dloss: 0.906646
[3474 ms] INFO - select:142 - dpkts - dbytes: 0.989853
[3474 ms] INFO - select:142 - dpkts - sloss: 0.932717
[3474 ms] INFO - select:142 - dpkts - dloss: 0.956419
[3474 ms] INFO - select:142 - dpkts - swin: 0.900488
[3474 ms] INFO - select:142 - dpkts - dwin: 0.910657
[3474 ms] INFO - select:142 - dpkts - bytes_per_pkt_dst: 0.954385
[3474 ms] INFO - select:142 - dpkts - synack_ratio: 0.908423
[3474 ms] INFO - select:142 - dbytes - sloss: 0.900808
[3474 ms] INFO - select:142 - dbytes - dloss: 0.946843
[3474 ms] INFO - select:142 - dbytes - bytes_per_pkt_dst: 0.981055
[3474 ms] INFO - select:142 - rate - sinpkt: 0.950215
[3474 ms] INFO - select:142 - dttl - dinpkt: 0.959559
[3474 ms] INFO - select:142 - dttl - tcprtt: 0.924091
[3474 ms] INFO - select:142 - dttl - synack: 0.923848
[3474 ms] INFO - select:142 - dttl - ackdat: 0.924208
[3474 ms] INFO - select:142 - dttl - ack_ratio: 0.920462
[3474 ms] INFO - select:142 - sloss - dloss: 0.954988
[3474 ms] INFO - select:142 - sloss - swin: 0.944651
[3474 ms] INFO - select:142 - sloss - dwin: 0.938721
[3474 ms] INFO - select:142 - sloss - synack_ratio: 0.923650
[3474 ms] INFO - select:142 - dloss - swin: 0.932627
[3474 ms] INFO - select:142 - dloss - dwin: 0.941848
[3474 ms] INFO - select:142 - dloss - synack_ratio: 0.937983
[3474 ms] INFO - select:142 - dinpkt - sjit: 0.916034
[3474 ms] INFO - select:142 - dinpkt - djit: 0.936986
[3474 ms] INFO - select:142 - dinpkt - tcprtt: 0.922512
[3474 ms] INFO - select:142 - dinpkt - synack: 0.920925
[3474 ms] INFO - select:142 - dinpkt - ackdat: 0.921404
[3474 ms] INFO - select:142 - dinpkt - ack_ratio: 0.901104
[3474 ms] INFO - select:142 - sjit - djit: 0.916434
[3474 ms] INFO - select:142 - sjit - tcprtt: 0.902464
[3474 ms] INFO - select:142 - sjit - synack: 0.900769
[3474 ms] INFO - select:142 - sjit - ackdat: 0.901180
[3474 ms] INFO - select:142 - djit - swin: 0.901115
[3474 ms] INFO - select:142 - djit - dwin: 0.910509
[3474 ms] INFO - select:142 - djit - ackdat: 0.900041
[3474 ms] INFO - select:142 - swin - dwin: 0.990180
[3474 ms] INFO - select:142 - swin - tcprtt: 0.933725
[3474 ms] INFO - select:142 - swin - synack: 0.933723
[3474 ms] INFO - select:142 - swin - ackdat: 0.933726
[3474 ms] INFO - select:142 - swin - synack_ratio: 0.933745
[3474 ms] INFO - select:142 - swin - ack_ratio: 0.933743
[3474 ms] INFO - select:142 - dwin - tcprtt: 0.942980
[3474 ms] INFO - select:142 - dwin - synack: 0.942986
[3474 ms] INFO - select:142 - dwin - ackdat: 0.942971
[3474 ms] INFO - select:142 - dwin - synack_ratio: 0.942999
[3474 ms] INFO - select:142 - dwin - ack_ratio: 0.942967
[3474 ms] INFO - select:142 - tcprtt - synack: 0.996785
[3474 ms] INFO - select:142 - tcprtt - ackdat: 0.993672
[3474 ms] INFO - select:142 - tcprtt - ack_ratio: 0.954123
[3474 ms] INFO - select:142 - synack - ackdat: 0.984360
[3474 ms] INFO - select:142 - synack - ack_ratio: 0.941579
[3474 ms] INFO - select:142 - ackdat - ack_ratio: 0.973229
[3474 ms] INFO - select:142 - trans_depth - ct_flw_http_mthd: 0.999620
[3474 ms] INFO - select:142 - ct_srv_src - ct_srv_dst: 0.920212
[3474 ms] INFO - select:142 - ct_state_ttl - bytes_per_pkt_dst: 0.901589
[3474 ms] INFO - select:142 - bytes_ratio - pkts_ratio: 0.922079
[3474 ms] INFO - select:142 - bytes_ratio - bytes_per_pkt_dst: 0.912655
[3474 ms] INFO - select:142 - pkts_ratio - bytes_per_pkt_dst: 0.906902
[24321 ms] INFO - select:150 - High VIF (>10): ['proto', 'state', 'spkts', 'dpkts', 'sbytes', 'dbytes', 'sttl', 'dttl', 'sloss', 'dloss', 'sinpkt', 'dinpkt', 'sjit', 'djit', 'swin', 'dwin', 'tcprtt', 'synack', 'ackdat', 'ct_srv_src', 'ct_state_ttl', 'ct_dst_ltm', 'ct_src_dport_ltm', 'ct_dst_sport_ltm', 'ct_dst_src_ltm', 'ct_src_ltm', 'ct_srv_dst', 'bytes_ratio', 'pkts_ratio', 'bytes_per_pkt_src', 'bytes_per_pkt_dst', 'jitter_ratio', 'interpacket_ratio', 'synack_ratio', 'ack_ratio', 'win_asymmetry', 'dst_concentration']
[83478 ms] INFO - select:157 - Low MI (0.1): ['is_ftp_login', 'ct_ftp_cmd', 'tcp_seq_one_sided']
[117730 ms] INFO - select:173 - Low gain (0.05): NO!
[165098 ms] INFO - select:181 - Near-zero permutation importance (binary): ['sbytes', 'tcprtt', 'dwin', 'is_http', 'dbytes', 'tcp_seq_one_sided', 'ct_srv_src', 'djit', 'dst_concentration', 'tcp_seq_established', 'service', 'dttl', 'is_ftp_login', 'is_short', 'response_body_len', 'is_sm_ips_ports', 'synack', 'ct_ftp_cmd', 'ct_src_ltm', 'dloss', 'state', 'ct_srv_dst', 'bytes_per_pkt_dst', 'is_zero_dur', 'ct_dst_src_ltm', 'sinpkt', 'zero_win', 'trans_depth', 'is_ftp', 'swin', 'proto', 'ct_src_dport_ltm', 'ct_dst_ltm', 'bytes_ratio', 'is_tcp', 'dpkts', 'pkts_ratio', 'dur', 'rate', 'bytes_per_pkt_src', 'ct_dst_sport_ltm']
[176089 ms] INFO - select:194 - Low SHAP (0.05): NO!
[176089 ms] INFO - select:210 - Dropping 32 features: ['ackdat', 'bytes_per_pkt_dst', 'bytes_per_pkt_src', 'bytes_ratio', 'ct_dst_ltm', 'ct_dst_sport_ltm', 'ct_dst_src_ltm', 'ct_ftp_cmd', 'ct_src_dport_ltm', 'ct_src_ltm', 'ct_srv_dst', 'ct_srv_src', 'dbytes', 'djit', 'dloss', 'dpkts', 'dst_concentration', 'dttl', 'dwin', 'is_ftp_login', 'pkts_ratio', 'proto', 'rate', 'sbytes', 'sinpkt', 'state', 'swin', 'synack', 'tcp_seq_one_sided', 'tcprtt', 'trans_depth', 'win_asymmetry']
[176089 ms] INFO - select:213 - RFECV Pass 1 (binary recall - Stage 1 label model)...
[194639 ms] INFO - select:230 - RFECV label - count: 17, removed: ['is_sm_ips_ports', 'tcp_seq_established', 'is_tcp', 'is_http', 'is_zero_dur', 'zero_win']
[194639 ms] INFO - select:231 - selected_label: ['dur', 'service', 'spkts', 'sttl', 'sloss', 'dinpkt', 'sjit', 'response_body_len', 'ct_state_ttl', 'ct_flw_http_mthd', 'is_ftp', 'is_short', 'jitter_ratio', 'interpacket_ratio', 'synack_ratio', 'ack_ratio', 'srv_diversity']
[194639 ms] INFO - select:233 - RFECV Pass 2 (multiclass macro recall - Stage 2 cat model)...
[383631 ms] INFO - select:247 - RFECV cat   — count: 17, removed: ['is_sm_ips_ports', 'tcp_seq_established', 'is_tcp', 'is_zero_dur', 'is_short', 'zero_win']
[383631 ms] INFO - select:248 - selected_cat: ['dur', 'service', 'spkts', 'sttl', 'sloss', 'dinpkt', 'sjit', 'response_body_len', 'ct_state_ttl', 'ct_flw_http_mthd', 'is_ftp', 'is_http', 'jitter_ratio', 'interpacket_ratio', 'synack_ratio', 'ack_ratio', 'srv_diversity']
[383631 ms] INFO - select:251 - Union feature count: 18 — label: 17, cat: 17
[383997 ms] INFO - audit:47 - Shape: (82332, 45)
[384000 ms] INFO - audit:48 - Null counts (Should be 0): 0
[384001 ms] INFO - audit:49 - attack_cat: 10
[384024 ms] INFO - process:105 - Engineered features: srv_diversity, dst_concentration
[384131 ms] INFO - main:420 - TRAIN RESULTS:
{'X_train':              dur     spkts      sttl     sloss  ...  service_11  service_12  label  attack_cat
0       0.220981  0.577833 -0.010417  0.000000  ...         0.0         0.0      0      Normal
1       0.975524  1.097591 -1.000000  0.792481  ...         0.0         0.0      0      Normal
2       1.881698  0.749222 -1.000000  0.500000  ...         0.0         0.0      0      Normal
3       1.924816  1.000000 -1.000000  0.500000  ...         0.0         0.0      0      Normal
4       0.722369  0.886074  0.000000  0.792481  ...         0.0         0.0      0      Normal
...          ...       ...       ...       ...  ...         ...         ...    ...         ...
175336 -0.003072  0.000000  0.000000  0.000000  ...         0.0         0.0      1     Generic
175337  0.796856  0.886074  0.000000  0.792481  ...         0.0         0.0      1   Shellcode
175338 -0.003072  0.000000  0.000000  0.000000  ...         0.0         0.0      1     Generic
175339 -0.003072  0.000000  0.000000  0.000000  ...         0.0         0.0      1     Generic
175340 -0.003072  0.000000  0.000000  0.000000  ...         0.0         0.0      1     Generic

[175341 rows x 32 columns], 'y_label': 0         0
1         0
2         0
3         0
4         0
         ..
175336    1
175337    1
175338    1
175339    1
175340    1
Name: label, Length: 175341, dtype: int64, 'y_cat': 0            Normal
1            Normal
2            Normal
3            Normal
4            Normal
            ...    
175336      Generic
175337    Shellcode
175338      Generic
175339      Generic
175340      Generic
Name: attack_cat, Length: 175341, dtype: str, 'pipeline': Pipeline(), 'artifacts': {'is_drop': False, 'corr': 0.906898, 'selected_label': ['dur', 'service', 'spkts', 'sttl', 'sloss', 'dinpkt', 'sjit', 'response_body_len', 'ct_state_ttl', 'ct_flw_http_mthd', 'is_ftp', 'is_short', 'jitter_ratio', 'interpacket_ratio', 'synack_ratio', 'ack_ratio', 'srv_diversity'], 'selected_cat': ['dur', 'service', 'spkts', 'sttl', 'sloss', 'dinpkt', 'sjit', 'response_body_len', 'ct_state_ttl', 'ct_flw_http_mthd', 'is_ftp', 'is_http', 'jitter_ratio', 'interpacket_ratio', 'synack_ratio', 'ack_ratio', 'srv_diversity'], 'selected_union': ['dur', 'service', 'spkts', 'sttl', 'sloss', 'dinpkt', 'sjit', 'response_body_len', 'ct_state_ttl', 'ct_flw_http_mthd', 'is_ftp', 'is_short', 'jitter_ratio', 'interpacket_ratio', 'synack_ratio', 'ack_ratio', 'srv_diversity', 'is_http'], 'selected_label_cols': ['dur', 'spkts', 'sttl', 'sloss', 'dinpkt', 'sjit', 'response_body_len', 'ct_state_ttl', 'ct_flw_http_mthd', 'is_ftp', 'is_short', 'jitter_ratio', 'interpacket_ratio', 'synack_ratio', 'ack_ratio', 'srv_diversity', 'service_0', 'service_1', 'service_2', 'service_3', 'service_4', 'service_5', 'service_6', 'service_7', 'service_8', 'service_9', 'service_10', 'service_11', 'service_12'], 'selected_cat_cols': ['dur', 'spkts', 'sttl', 'sloss', 'dinpkt', 'sjit', 'response_body_len', 'ct_state_ttl', 'ct_flw_http_mthd', 'is_ftp', 'jitter_ratio', 'interpacket_ratio', 'synack_ratio', 'ack_ratio', 'srv_diversity', 'is_http', 'service_0', 'service_1', 'service_2', 'service_3', 'service_4', 'service_5', 'service_6', 'service_7', 'service_8', 'service_9', 'service_10', 'service_11', 'service_12']}, 'selected_label': ['dur', 'service', 'spkts', 'sttl', 'sloss', 'dinpkt', 'sjit', 'response_body_len', 'ct_state_ttl', 'ct_flw_http_mthd', 'is_ftp', 'is_short', 'jitter_ratio', 'interpacket_ratio', 'synack_ratio', 'ack_ratio', 'srv_diversity'], 'selected_cat': ['dur', 'service', 'spkts', 'sttl', 'sloss', 'dinpkt', 'sjit', 'response_body_len', 'ct_state_ttl', 'ct_flw_http_mthd', 'is_ftp', 'is_http', 'jitter_ratio', 'interpacket_ratio', 'synack_ratio', 'ack_ratio', 'srv_diversity']}
[384146 ms] INFO - main:421 - TEST RESULTS:
{'X_test':             dur     spkts      sttl  sloss  ...  service_11  service_12  label  attack_cat
0     -0.003068  0.000000  0.000000    0.0  ...         0.0         0.0      0      Normal
1     -0.003074  0.000000  0.000000    0.0  ...         0.0         0.0      0      Normal
2     -0.003080  0.000000  0.000000    0.0  ...         0.0         0.0      0      Normal
3     -0.003078  0.000000  0.000000    0.0  ...         0.0         0.0      0      Normal
4     -0.003070  0.000000  0.000000    0.0  ...         0.0         0.0      0      Normal
...         ...       ...       ...    ...  ...         ...         ...    ...         ...
82327 -0.003080  0.000000  0.000000    0.0  ...         0.0         0.0      0      Normal
82328  1.452643  1.327055  0.000000    1.5  ...         0.0         0.0      0      Normal
82329 -0.003089 -0.276516 -1.322917    0.0  ...         0.0         0.0      0      Normal
82330 -0.003089 -0.276516 -1.322917    0.0  ...         0.0         0.0      0      Normal
82331 -0.003072  0.000000  0.000000    0.0  ...         0.0         0.0      0      Normal

[82332 rows x 32 columns], 'y_label': 0        0
1        0
2        0
3        0
4        0
        ..
82327    0
82328    0
82329    0
82330    0
82331    0
Name: label, Length: 82332, dtype: int64, 'y_cat': 0        Normal
1        Normal
2        Normal
3        Normal
4        Normal
          ...  
82327    Normal
82328    Normal
82329    Normal
82330    Normal
82331    Normal
Name: attack_cat, Length: 82332, dtype: str}
